// Jest Snapshot v1, https://goo.gl/fbAQLP

exports[`Renders content 1`] = `
<div>
  <h1>
    Content
  </h1>
  <div>
    <div
      key="EnAu"
    >
      <h2>
        En Au
      </h2>
      <div
        className="content-field"
        key="title"
      >
        <span
          style={
            Object {
              "fontWeight": "bold",
            }
          }
        >
          title
          : 
        </span>
        Hello SDKs
      </div>
      <div
        className="content-field"
        key="image"
      >
        <span
          style={
            Object {
              "fontWeight": "bold",
            }
          }
        >
          image
          : 
        </span>
        <img
          alt="GraphQL hero"
          className="content-img"
          src="https://media.graphcms.com//qUzUfVETnij6SdIhz2FQ"
        />
      </div>
      <div
        className="content-field"
        key="shortDescription"
      >
        <span
          style={
            Object {
              "fontWeight": "bold",
            }
          }
        >
          shortDescription
          : 
        </span>
        Learn about best practices when using our SDKs.
      </div>
      <div
        className="content-field"
        key="description"
      >
        <span
          style={
            Object {
              "fontWeight": "bold",
            }
          }
        >
          description
          : 
        </span>
        By looking at the code of the example app, you'll get a sense of how to use a Graph CMS in your favorite programming language.
      </div>
      <div
        className="content-field"
        key="duration"
      >
        <span
          style={
            Object {
              "fontWeight": "bold",
            }
          }
        >
          duration
          : 
        </span>
        5
      </div>
      <div
        className="content-field"
        key="skillLevel"
      >
        <span
          style={
            Object {
              "fontWeight": "bold",
            }
          }
        >
          skillLevel
          : 
        </span>
        Beginner
      </div>
    </div>
    <div
      key="DeDe"
    >
      <h2>
        De De
      </h2>
      <div
        className="content-field"
        key="title"
      >
        <span
          style={
            Object {
              "fontWeight": "bold",
            }
          }
        >
          title
          : 
        </span>
        Hallo SDKs
      </div>
      <div
        className="content-field"
        key="image"
      >
        <span
          style={
            Object {
              "fontWeight": "bold",
            }
          }
        >
          image
          : 
        </span>
        <img
          alt="GraphQL hero"
          className="content-img"
          src="https://media.graphcms.com//qUzUfVETnij6SdIhz2FQ"
        />
      </div>
      <div
        className="content-field"
        key="shortDescription"
      >
        <span
          style={
            Object {
              "fontWeight": "bold",
            }
          }
        >
          shortDescription
          : 
        </span>
        Lernen Sie den Umgang mit unseren SDKs.
      </div>
      <div
        className="content-field"
        key="description"
      >
        <span
          style={
            Object {
              "fontWeight": "bold",
            }
          }
        >
          description
          : 
        </span>
        Sobald Sie sich den Quellcode der Besipielanwendung ansehen, werden Sie ein Gespür entwickeln, wie Sie am besten die Contentful SDKs in Ihrer Programmiersprache benutzen. Für weitere, fremde Abhängigkeiten, schauen Sie bitte in der jewiligen Dokumentation nach.
      </div>
      <div
        className="content-field"
        key="duration"
      >
        <span
          style={
            Object {
              "fontWeight": "bold",
            }
          }
        >
          duration
          : 
        </span>
        5
      </div>
      <div
        className="content-field"
        key="skillLevel"
      >
        <span
          style={
            Object {
              "fontWeight": "bold",
            }
          }
        >
          skillLevel
          : 
        </span>
        Beginner
      </div>
    </div>
  </div>
</div>
`;
